Invalid respones:  object must have even number of children.
Aborted (core dumped)
